###############################################################################
#
# IAR ELF Linker V8.40.1.212/W32 for ARM                  19/Sep/2019  18:11:02
# Copyright 2007-2019 IAR Systems AB.
#
#    Output file  =
#        D:\Users\USUARIO\Documents\Arquivos Faculdade\8° período\Sistemas
#        Embarcados\EK-TM4C1294_IAR8\Projects\simple_io_main_sp\Debug\Exe\simple_io_main_sp.out
#    Map file     =
#        D:\Users\USUARIO\Documents\Arquivos Faculdade\8° período\Sistemas
#        Embarcados\EK-TM4C1294_IAR8\Projects\simple_io_main_sp\Debug\List\simple_io_main_sp.map
#    Command line =
#        -f C:\Users\USUARIO\AppData\Local\Temp\EW33FA.tmp
#        ("D:\Users\USUARIO\Documents\Arquivos Faculdade\8° período\Sistemas
#        Embarcados\EK-TM4C1294_IAR8\TivaWare_C_Series-2.1.4.178\driverlib\ewarm\Exe\driverlib.a"
#        "D:\Users\USUARIO\Documents\Arquivos Faculdade\8° período\Sistemas
#        Embarcados\EK-TM4C1294_IAR8\Projects\simple_io_main_sp\Debug\Obj\simple_io_main_sp.o"
#        "D:\Users\USUARIO\Documents\Arquivos Faculdade\8° período\Sistemas
#        Embarcados\EK-TM4C1294_IAR8\Projects\simple_io_main_sp\Debug\Obj\startup_TM4C1294.o"
#        "D:\Users\USUARIO\Documents\Arquivos Faculdade\8° período\Sistemas
#        Embarcados\EK-TM4C1294_IAR8\Projects\simple_io_main_sp\Debug\Obj\system_TM4C1294_TW.o"
#        "D:\Users\USUARIO\Documents\Arquivos Faculdade\8° período\Sistemas
#        Embarcados\EK-TM4C1294_IAR8\Projects\simple_io_main_sp\Debug\Obj\uartstdio.o"
#        --no_out_extension -o "D:\Users\USUARIO\Documents\Arquivos
#        Faculdade\8° período\Sistemas
#        Embarcados\EK-TM4C1294_IAR8\Projects\simple_io_main_sp\Debug\Exe\simple_io_main_sp.out"
#        --map "D:\Users\USUARIO\Documents\Arquivos Faculdade\8°
#        período\Sistemas
#        Embarcados\EK-TM4C1294_IAR8\Projects\simple_io_main_sp\Debug\List\simple_io_main_sp.map"
#        --config "C:\Program Files (x86)\IAR Systems\Embedded Workbench
#        8.3\arm\config\linker\TexasInstruments\TM4C1294NC.icf" --semihosting
#        --entry __iar_program_start --vfe --text_out locale)
#
###############################################################################

*******************************************************************************
*** RUNTIME MODEL ATTRIBUTES
***

CppFlavor       = *
__SystemLibrary = DLib
__dlib_version  = 6


*******************************************************************************
*** HEAP SELECTION
***

The basic heap was selected because some modules are built with
size limitations (and not runtime checking), and --advanced_heap
was not specified.


*******************************************************************************
*** PLACEMENT SUMMARY
***

"A0":  place at address 0x0 { ro section .intvec };
"P1":  place in [from 0x0 to 0xf'ffff] { ro };
define block CSTACK with size = 32K, alignment = 8 { };
define block HEAP with size = 64K, alignment = 8 { };
"P2":  place in [from 0x2000'0000 to 0x2003'ffff] {
          rw, block CSTACK, block HEAP };
initialize by copy { rw };

  Section            Kind         Address    Size  Object
  -------            ----         -------    ----  ------
"A0":                                       0x3c0
  .intvec            ro code          0x0   0x3c0  startup_TM4C1294.o [1]
                                  - 0x3c0   0x3c0

"P1":                                      0x13ac
  .text              ro code        0x3c0   0x544  uartstdio.o [1]
  .text              ro code        0x904    0xec  interrupt.o [3]
  .text              ro code        0x9f0   0x114  uart.o [3]
  .text              ro code        0xb04   0x2ac  sysctl.o [3]
  .text              ro code        0xdb0    0x10  cpu.o [3]
  .text              ro code        0xdc0   0x2b4  simple_io_main_sp.o [1]
  .text              ro code       0x1074   0x1b0  gpio.o [3]
  .rodata            const         0x1224   0x1b0  sysctl.o [3]
  .rodata            const         0x13d4    0x90  gpio.o [3]
  .rodata            const         0x1464    0x6c  sysctl.o [3]
  .text              ro code       0x14d0    0x3a  zero_init3.o [5]
  .text              ro code       0x150a    0x2e  copy_init3.o [5]
  .rodata            const         0x1538    0x30  sysctl.o [3]
  .text              ro code       0x1568    0x2c  system_TM4C1294_TW.o [1]
  .text              ro code       0x1594    0x28  data_init.o [5]
  .iar.init_table    const         0x15bc    0x24  - Linker created -
  .text              ro code       0x15e0    0x1e  cmain.o [5]
  .text              ro code       0x15fe     0x4  low_level_init.o [2]
  .text              ro code       0x1602     0x4  exit.o [2]
  .text              ro code       0x1606     0x2  startup_TM4C1294.o [1]
  .text              ro code       0x1608     0xa  cexit.o [5]
  .text              ro code       0x1614    0x14  exit.o [6]
  .rodata            const         0x1628    0x1c  simple_io_main_sp.o [1]
  .rodata            const         0x1644    0x1c  simple_io_main_sp.o [1]
  .rodata            const         0x1660    0x1c  simple_io_main_sp.o [1]
  .rodata            const         0x167c    0x1c  simple_io_main_sp.o [1]
  .rodata            const         0x1698    0x18  simple_io_main_sp.o [1]
  .rodata            const         0x16b0    0x18  simple_io_main_sp.o [1]
  .rodata            const         0x16c8    0x14  simple_io_main_sp.o [1]
  .rodata            const         0x16dc    0x14  simple_io_main_sp.o [1]
  .rodata            const         0x16f0    0x14  uartstdio.o [1]
  .text              ro code       0x1704    0x14  startup_TM4C1294.o [1]
  .rodata            const         0x1718    0x10  simple_io_main_sp.o [1]
  .rodata            const         0x1728     0xc  uartstdio.o [1]
  .rodata            const         0x1734     0xc  uartstdio.o [1]
  .rodata            const         0x1740     0xc  uartstdio.o [1]
  .text              ro code       0x174c     0xc  cstartup_M.o [5]
  .rodata            const         0x1758     0x8  uartstdio.o [1]
  Initializer bytes  const         0x1760     0x8  <for P2-1>
  .rodata            const         0x1768     0x4  uartstdio.o [1]
  .rodata            const         0x176c     0x0  zero_init3.o [5]
  .rodata            const         0x176c     0x0  copy_init3.o [5]
                                 - 0x176c  0x13ac

"P2", part 1 of 3:                            0x8
  P2-1                        0x2000'0000     0x8  <Init block>
    .data            inited   0x2000'0000     0x4  simple_io_main_sp.o [1]
    .data            inited   0x2000'0004     0x4  simple_io_main_sp.o [1]
                            - 0x2000'0008     0x8

"P2", part 2 of 3:                          0x49c
  .bss               zero     0x2000'0008   0x400  uartstdio.o [1]
  .bss               zero     0x2000'0408    0x80  uartstdio.o [1]
  .bss               zero     0x2000'0488     0x4  uartstdio.o [1]
  .bss               zero     0x2000'048c     0x4  uartstdio.o [1]
  .bss               zero     0x2000'0490     0x4  uartstdio.o [1]
  .bss               zero     0x2000'0494     0x4  uartstdio.o [1]
  .bss               zero     0x2000'0498     0x4  uartstdio.o [1]
  .bss               zero     0x2000'049c     0x4  uartstdio.o [1]
  .bss               zero     0x2000'04a0     0x1  uartstdio.o [1]
  .bss               zero     0x2000'04a1     0x1  uartstdio.o [1]
                            - 0x2000'04a2   0x49a

"P2", part 3 of 3:                         0x8004
  .noinit            uninit   0x2000'04a4     0x4  system_TM4C1294_TW.o [1]
  CSTACK                      0x2000'04a8  0x8000  <Block>
    CSTACK           uninit   0x2000'04a8  0x8000  <Block tail>
                            - 0x2000'84a8  0x8004

Unused ranges:

         From           To      Size
         ----           --      ----
       0x176c     0xf'ffff  0xf'e894
  0x2000'84a8  0x2003'ffff  0x3'7b58


*******************************************************************************
*** INIT TABLE
***

          Address      Size
          -------      ----
Zero (__iar_zero_init3)
    1 destination range, total size 0x49a:
          0x2000'0008  0x49a

Copy (__iar_copy_init3)
    1 source range, total size 0x8:
               0x1760    0x8
    1 destination range, total size 0x8:
          0x2000'0000    0x8



*******************************************************************************
*** MODULE SUMMARY
***

    Module                ro code  ro data  rw data
    ------                -------  -------  -------
command line/config:
    -----------------------------------------------
    Total:

D:\Users\USUARIO\Documents\Arquivos Faculdade\8° período\Sistemas Embarcados\EK-TM4C1294_IAR8\Projects\simple_io_main_sp\Debug\Obj: [1]
    simple_io_main_sp.o       692      224        8
    startup_TM4C1294.o        982
    system_TM4C1294_TW.o       44                 4
    uartstdio.o             1'348       68    1'178
    -----------------------------------------------
    Total:                  3'066      292    1'190

dl7M_tln.a: [2]
    exit.o                      4
    low_level_init.o            4
    -----------------------------------------------
    Total:                      8

driverlib.a: [3]
    cpu.o                      16
    gpio.o                    432      144
    interrupt.o               236
    sysctl.o                  684      588
    uart.o                    276
    -----------------------------------------------
    Total:                  1'644      732

m7M_tls.a: [4]
    -----------------------------------------------
    Total:

rt7M_tl.a: [5]
    cexit.o                    10
    cmain.o                    30
    copy_init3.o               46
    cstartup_M.o               12
    data_init.o                40
    zero_init3.o               58
    -----------------------------------------------
    Total:                    196

shb_l.a: [6]
    exit.o                     20
    -----------------------------------------------
    Total:                     20

    Gaps                        2
    Linker created                      36   32'768
---------------------------------------------------
    Grand Total:            4'936    1'060   33'958


*******************************************************************************
*** ENTRY LIST
***

Entry                       Address   Size  Type      Object
-----                       -------   ----  ----      ------
.iar.init_table$$Base        0x15bc          --   Gb  - Linker created -
.iar.init_table$$Limit       0x15e0          --   Gb  - Linker created -
?main                        0x15e1         Code  Gb  cmain.o [5]
CPUcpsid                      0xdb1    0x8  Code  Gb  cpu.o [3]
CPUcpsie                      0xdb9    0x8  Code  Gb  cpu.o [3]
CSTACK$$Base            0x2000'04a8          --   Gb  - Linker created -
CSTACK$$Limit           0x2000'84a8          --   Gb  - Linker created -
CalcPeriodo                   0xdf9   0x12  Code  Gb  simple_io_main_sp.o [1]
CalculaFreq                   0xdc1   0x38  Code  Gb  simple_io_main_sp.o [1]
GPIODirModeSet               0x1075   0x28  Code  Gb  gpio.o [3]
GPIOPadConfigSet             0x109d  0x102  Code  Gb  gpio.o [3]
GPIOPinConfigure             0x11e3   0x36  Code  Gb  gpio.o [3]
GPIOPinRead                  0x119f    0x8  Code  Gb  gpio.o [3]
GPIOPinTypeGPIOInput         0x11ab   0x14  Code  Gb  gpio.o [3]
GPIOPinTypeUART              0x11c7   0x14  Code  Gb  gpio.o [3]
GetBufferCount                0x3ef   0x16  Code  Lc  uartstdio.o [1]
IntDisable                    0x965   0x46  Code  Gb  interrupt.o [3]
IntEnable                     0x91d   0x46  Code  Gb  interrupt.o [3]
IntMasterDisable              0x90d    0x6  Code  Gb  interrupt.o [3]
IntMasterEnable               0x905    0x8  Code  Gb  interrupt.o [3]
IsBufferEmpty                 0x3dd   0x12  Code  Lc  uartstdio.o [1]
IsBufferFull                  0x3c1   0x1c  Code  Lc  uartstdio.o [1]
PegaValorPwm                  0xeb5   0x16  Code  Gb  simple_io_main_sp.o [1]
Region$$Table$$Base          0x15bc          --   Gb  - Linker created -
Region$$Table$$Limit         0x15e0          --   Gb  - Linker created -
SysCtlClockFreqSet            0xb6f  0x1fc  Code  Gb  sysctl.o [3]
SysCtlPeripheralEnable        0xb51    0x8  Code  Gb  sysctl.o [3]
SysCtlPeripheralPresent
                              0xb25    0xa  Code  Gb  sysctl.o [3]
SysCtlPeripheralReady         0xb2f    0x8  Code  Gb  sysctl.o [3]
SystemCoreClock         0x2000'04a4    0x4  Data  Gb  system_TM4C1294_TW.o [1]
SystemInit                   0x1569   0x1a  Code  Gb  system_TM4C1294_TW.o [1]
UART0_Handler                 0xead    0x8  Code  Gb  simple_io_main_sp.o [1]
UARTCharGetNonBlocking        0xab7   0x14  Code  Gb  uart.o [3]
UARTCharPutNonBlocking        0xacb   0x16  Code  Gb  uart.o [3]
UARTCharsAvail                0xa9f    0x8  Code  Gb  uart.o [3]
UARTConfigSetExpClk           0x9f9   0x5c  Code  Gb  uart.o [3]
UARTDisable                   0xa6f   0x22  Code  Gb  uart.o [3]
UARTEnable                    0xa55   0x1a  Code  Gb  uart.o [3]
UARTFIFOLevelSet              0x9f1    0x8  Code  Gb  uart.o [3]
UARTFlushRx                   0x757   0x1c  Code  Gb  uartstdio.o [1]
UARTFlushTx                   0x773   0x30  Code  Gb  uartstdio.o [1]
UARTInit                      0xe5f   0x4e  Code  Gb  simple_io_main_sp.o [1]
UARTIntClear                  0xaff    0x6  Code  Gb  uart.o [3]
UARTIntDisable                0xae7    0x4  Code  Gb  uart.o [3]
UARTIntEnable                 0xae1    0x6  Code  Gb  uart.o [3]
UARTIntStatus                 0xaf3    0xc  Code  Gb  uart.o [3]
UARTPrimeTransmit             0x405   0x6a  Code  Lc  uartstdio.o [1]
UARTSpaceAvail                0xaa7    0x6  Code  Gb  uart.o [3]
UARTStdioConfig               0x46f   0x7e  Code  Gb  uartstdio.o [1]
UARTStdioIntHandler           0x7a9  0x116  Code  Gb  uartstdio.o [1]
UARTStdioIntHandler::bLastWasCR
                        0x2000'04a1    0x1  Data  Lc  uartstdio.o [1]
UARTTxBytesFree               0x743   0x14  Code  Gb  uartstdio.o [1]
UARTprintf                    0x735    0xe  Code  Gb  uartstdio.o [1]
UARTvprintf                   0x57f  0x1b6  Code  Gb  uartstdio.o [1]
UARTwrite                     0x4ed   0x92  Code  Gb  uartstdio.o [1]
_SysCtlMemTimingGet           0xb05   0x20  Code  Lc  sysctl.o [3]
__Vectors                       0x0          --   Gb  startup_TM4C1294.o [1]
__Vectors_End                 0x3c0         Data  Gb  startup_TM4C1294.o [1]
__Vectors_Size {Abs}          0x3c0          --   Gb  startup_TM4C1294.o [1]
__cmain                      0x15e1         Code  Gb  cmain.o [5]
__exit                       0x1615   0x14  Code  Gb  exit.o [6]
__iar_copy_init3             0x150b   0x2e  Code  Gb  copy_init3.o [5]
__iar_data_init3             0x1595   0x28  Code  Gb  data_init.o [5]
__iar_init_vfp               0x170d         Code  Wk  startup_TM4C1294.o [1]
__iar_program_start          0x174d         Code  Gb  cstartup_M.o [5]
__iar_zero_init3             0x14d1   0x3a  Code  Gb  zero_init3.o [5]
__low_level_init             0x15ff    0x4  Code  Gb  low_level_init.o [2]
__vector_table                  0x0         Data  Gb  startup_TM4C1294.o [1]
__vector_table_0x1c            0x1c         Data  Gb  startup_TM4C1294.o [1]
_call_main                   0x15ed         Code  Gb  cmain.o [5]
_exit                        0x1609         Code  Gb  cexit.o [5]
_main                        0x15fb         Code  Gb  cmain.o [5]
exit                         0x1603    0x4  Code  Gb  exit.o [2]
g_bDisableEcho          0x2000'04a0    0x1  Data  Lc  uartstdio.o [1]
g_pcHex                      0x1768    0x4  Data  Lc  uartstdio.o [1]
g_pcUARTRxBuffer        0x2000'0408   0x80  Data  Lc  uartstdio.o [1]
g_pcUARTTxBuffer        0x2000'0008  0x400  Data  Lc  uartstdio.o [1]
g_pppui32XTALtoVCO           0x1224  0x1b0  Data  Lc  sysctl.o [3]
g_pui32Dii16Regs              0x9dc   0x14  Data  Lc  interrupt.o [3]
g_pui32EnRegs                 0x9c8   0x14  Data  Lc  interrupt.o [3]
g_pui32GPIOBaseAddrs         0x13d4   0x90  Data  Lc  gpio.o [3]
g_pui32VCOFrequencies         0xda8    0x8  Data  Lc  sysctl.o [3]
g_pui32Xtals                 0x1464   0x6c  Data  Lc  sysctl.o [3]
g_sXTALtoMEMTIM              0x1538   0x30  Data  Lc  sysctl.o [3]
g_ui32Base              0x2000'0498    0x4  Data  Lc  uartstdio.o [1]
g_ui32PortNum           0x2000'049c    0x4  Data  Lc  uartstdio.o [1]
g_ui32UARTBase               0x1728    0xc  Data  Lc  uartstdio.o [1]
g_ui32UARTInt                0x1734    0xc  Data  Lc  uartstdio.o [1]
g_ui32UARTPeriph             0x1740    0xc  Data  Lc  uartstdio.o [1]
g_ui32UARTRxReadIndex   0x2000'0494    0x4  Data  Lc  uartstdio.o [1]
g_ui32UARTRxWriteIndex  0x2000'0490    0x4  Data  Lc  uartstdio.o [1]
g_ui32UARTTxReadIndex   0x2000'048c    0x4  Data  Lc  uartstdio.o [1]
g_ui32UARTTxWriteIndex  0x2000'0488    0x4  Data  Lc  uartstdio.o [1]
imprime_valores               0xecd   0xc2  Code  Gb  simple_io_main_sp.o [1]
inicializa_portas             0xe0b   0x54  Code  Gb  simple_io_main_sp.o [1]
main                          0xf8f   0x8e  Code  Gb  simple_io_main_sp.o [1]
t_downant               0x2000'0004    0x4  Data  Gb  simple_io_main_sp.o [1]
t_upant                 0x2000'0000    0x4  Data  Gb  simple_io_main_sp.o [1]


[1] = D:\Users\USUARIO\Documents\Arquivos Faculdade\8° período\Sistemas Embarcados\EK-TM4C1294_IAR8\Projects\simple_io_main_sp\Debug\Obj
[2] = dl7M_tln.a
[3] = driverlib.a
[4] = m7M_tls.a
[5] = rt7M_tl.a
[6] = shb_l.a

   4'936 bytes of readonly  code memory
   1'060 bytes of readonly  data memory
  33'958 bytes of readwrite data memory

Errors: none
Warnings: none
